********* Start testing of KisExportPresetStoreTest *********
Config: Using QtTest library 6.11.2, Qt 6.11.2 (arm64-little_endian-lp64 shared (dynamic) release build; by Apple LLVM 21.0.0 (clang-2100.1.1.101)), macos 26.6.2
PASS   : KisExportPresetStoreTest::initTestCase()
PASS   : KisExportPresetStoreTest::unicodeAndTypeRoundTrip()
PASS   : KisExportPresetStoreTest::deterministicSerialization()
PASS   : KisExportPresetStoreTest::jpegOptionsRemainTyped()
PASS   : KisExportPresetStoreTest::updateAndDelete()
PASS   : KisExportPresetStoreTest::failedLoadBlocksAllMutation()
PASS   : KisExportPresetStoreTest::futureSchemaIsPreserved()
PASS   : KisExportPresetStoreTest::writeRequiresLoad()
PASS   : KisExportPresetStoreTest::canceledWritePreservesBytesAndMemory()
PASS   : KisExportPresetStoreTest::cancelAfterStagingPreservesBytes()
PASS   : KisExportPresetStoreTest::externalChangeDuringStagingIsPreserved()
PASS   : KisExportPresetStoreTest::anotherWriterCannotLoseUpdates()
PASS   : KisExportPresetStoreTest::busyLockLeavesOriginal()
PASS   : KisExportPresetStoreTest::invalidData(blank name)
PASS   : KisExportPresetStoreTest::invalidData(null id)
PASS   : KisExportPresetStoreTest::invalidData(path extension)
PASS   : KisExportPresetStoreTest::invalidData(wrong extension)
PASS   : KisExportPresetStoreTest::invalidData(native mime)
PASS   : KisExportPresetStoreTest::invalidData(executable mime)
PASS   : KisExportPresetStoreTest::invalidData(path property)
PASS   : KisExportPresetStoreTest::invalidData(unknown object)
PASS   : KisExportPresetStoreTest::invalidData(pixel bytes)
PASS   : KisExportPresetStoreTest::invalidData(wrong bool)
PASS   : KisExportPresetStoreTest::invalidData(invalid range)
PASS   : KisExportPresetStoreTest::localColorDefinitionRoundTrip()
FAIL!  : KisExportPresetStoreTest::colorOpacityRoundTrip() 'p.serialize(data).ok()' returned FALSE. ()
   Loc: [/Users/hashfunction/workspace/project_app_factory/microsoft-store/apps/brushquay/source/libs/ui/tests/KisExportPresetStoreTest.cpp(172)]
PASS   : KisExportPresetStoreTest::unsafeColorXml(entity)
PASS   : KisExportPresetStoreTest::unsafeColorXml(empty)
PASS   : KisExportPresetStoreTest::unsafeColorXml(wrong root)
PASS   : KisExportPresetStoreTest::unsafeColorXml(path profile)
PASS   : KisExportPresetStoreTest::unsafeColorXml(metadata)
PASS   : KisExportPresetStoreTest::unsafeColorXml(nested)
PASS   : KisExportPresetStoreTest::unsafeColorXml(invalid opacity)
PASS   : KisExportPresetStoreTest::unsafeColorXml(invalid channel)
PASS   : KisExportPresetStoreTest::malformedPresetNeverMutatesResult()
PASS   : KisExportPresetStoreTest::cleanupTestCase()
Totals: 35 passed, 1 failed, 0 skipped, 0 blacklisted, 13ms
********* Finished testing of KisExportPresetStoreTest *********
